Java HotSpot(TM) 64-Bit Server VM (25.311-b11) for bsd-amd64 JRE (1.8.0_311-b11), built on Sep 27 2021 13:08:09 by "java_re" with gcc 4.2.1 Compatible Apple LLVM 11.0.0 (clang-1100.0.33.17)
Memory: 4k page, physical 8388608k(289640k free)

/proc/meminfo:

CommandLine flags: -XX:InitialHeapSize=536870912 -XX:MaxHeapSize=536870912 -XX:MaxNewSize=178958336 -XX:MaxTenuringThreshold=6 -XX:NewSize=178958336 -XX:OldPLABSize=16 -XX:OldSize=357912576 -XX:+PrintGC -XX:+PrintGCDateStamps -XX:+PrintGCDetails -XX:+PrintGCTimeStamps -XX:+UseCompressedClassPointers -XX:+UseCompressedOops -XX:+UseConcMarkSweepGC -XX:+UseParNewGC 
2021-11-14T18:12:13.488-0800: 0.201: [GC (Allocation Failure) 2021-11-14T18:12:13.488-0800: 0.201: [ParNew: 139776K->17471K(157248K), 0.0182601 secs] 139776K->50405K(506816K), 0.0184388 secs] [Times: user=0.02 sys=0.04, real=0.02 secs] 
2021-11-14T18:12:13.523-0800: 0.237: [GC (Allocation Failure) 2021-11-14T18:12:13.524-0800: 0.237: [ParNew: 157247K->17472K(157248K), 0.0239369 secs] 190181K->95116K(506816K), 0.0240496 secs] [Times: user=0.03 sys=0.03, real=0.02 secs] 
2021-11-14T18:12:13.566-0800: 0.279: [GC (Allocation Failure) 2021-11-14T18:12:13.566-0800: 0.279: [ParNew: 157248K->17472K(157248K), 0.0732935 secs] 234892K->140984K(506816K), 0.0733956 secs] [Times: user=0.17 sys=0.02, real=0.07 secs] 
2021-11-14T18:12:13.656-0800: 0.370: [GC (Allocation Failure) 2021-11-14T18:12:13.656-0800: 0.370: [ParNew: 157248K->17471K(157248K), 0.0314827 secs] 280760K->187566K(506816K), 0.0315791 secs] [Times: user=0.07 sys=0.02, real=0.03 secs] 
2021-11-14T18:12:13.703-0800: 0.416: [GC (Allocation Failure) 2021-11-14T18:12:13.703-0800: 0.416: [ParNew: 157237K->17471K(157248K), 0.0655045 secs] 327332K->235098K(506816K), 0.0655948 secs] [Times: user=0.13 sys=0.01, real=0.06 secs] 
2021-11-14T18:12:13.769-0800: 0.483: [GC (CMS Initial Mark) [1 CMS-initial-mark: 217626K(349568K)] 245159K(506816K), 0.0015783 secs] [Times: user=0.00 sys=0.00, real=0.01 secs] 
2021-11-14T18:12:13.771-0800: 0.485: [CMS-concurrent-mark-start]
2021-11-14T18:12:13.782-0800: 0.496: [CMS-concurrent-mark: 0.011/0.011 secs] [Times: user=0.02 sys=0.01, real=0.01 secs] 
2021-11-14T18:12:13.783-0800: 0.496: [CMS-concurrent-preclean-start]
2021-11-14T18:12:13.783-0800: 0.497: [CMS-concurrent-preclean: 0.001/0.001 secs] [Times: user=0.00 sys=0.00, real=0.00 secs] 
2021-11-14T18:12:13.783-0800: 0.497: [CMS-concurrent-abortable-preclean-start]
2021-11-14T18:12:13.785-0800: 0.499: [GC (Allocation Failure) 2021-11-14T18:12:13.785-0800: 0.499: [ParNew: 157247K->17468K(157248K), 0.0942884 secs] 374874K->282264K(506816K), 0.0943884 secs] [Times: user=0.20 sys=0.01, real=0.10 secs] 
2021-11-14T18:12:13.895-0800: 0.609: [GC (Allocation Failure) 2021-11-14T18:12:13.895-0800: 0.609: [ParNew2021-11-14T18:12:13.982-0800: 0.696: [CMS-concurrent-abortable-preclean: 0.002/0.199 secs] [Times: user=0.40 sys=0.03, real=0.20 secs] 
: 157244K->17470K(157248K), 0.1031045 secs] 422040K->328601K(506816K), 0.1032268 secs] [Times: user=0.22 sys=0.02, real=0.10 secs] 
2021-11-14T18:12:13.999-0800: 0.712: [GC (CMS Final Remark) [YG occupancy: 17614 K (157248 K)]2021-11-14T18:12:13.999-0800: 0.712: [Rescan (parallel) , 0.0010500 secs]2021-11-14T18:12:14.000-0800: 0.713: [weak refs processing, 0.0000148 secs]2021-11-14T18:12:14.000-0800: 0.713: [class unloading, 0.0003293 secs]2021-11-14T18:12:14.000-0800: 0.714: [scrub symbol table, 0.0003584 secs]2021-11-14T18:12:14.001-0800: 0.714: [scrub string table, 0.0000830 secs][1 CMS-remark: 311130K(349568K)] 328745K(506816K), 0.0019448 secs] [Times: user=0.01 sys=0.00, real=0.01 secs] 
2021-11-14T18:12:14.001-0800: 0.714: [CMS-concurrent-sweep-start]
2021-11-14T18:12:14.001-0800: 0.715: [CMS-concurrent-sweep: 0.001/0.001 secs] [Times: user=0.00 sys=0.00, real=0.00 secs] 
2021-11-14T18:12:14.001-0800: 0.715: [CMS-concurrent-reset-start]
2021-11-14T18:12:14.002-0800: 0.715: [CMS-concurrent-reset: 0.000/0.000 secs] [Times: user=0.00 sys=0.00, real=0.00 secs] 
2021-11-14T18:12:14.017-0800: 0.730: [GC (Allocation Failure) 2021-11-14T18:12:14.017-0800: 0.730: [ParNew: 157018K->17470K(157248K), 0.0096681 secs] 420966K->320791K(506816K), 0.0097328 secs] [Times: user=0.03 sys=0.01, real=0.01 secs] 
2021-11-14T18:12:14.027-0800: 0.740: [GC (CMS Initial Mark) [1 CMS-initial-mark: 303321K(349568K)] 321317K(506816K), 0.0001177 secs] [Times: user=0.00 sys=0.00, real=0.00 secs] 
2021-11-14T18:12:14.027-0800: 0.740: [CMS-concurrent-mark-start]
2021-11-14T18:12:14.028-0800: 0.742: [CMS-concurrent-mark: 0.002/0.002 secs] [Times: user=0.00 sys=0.00, real=0.00 secs] 
2021-11-14T18:12:14.028-0800: 0.742: [CMS-concurrent-preclean-start]
2021-11-14T18:12:14.029-0800: 0.742: [CMS-concurrent-preclean: 0.000/0.000 secs] [Times: user=0.00 sys=0.00, real=0.00 secs] 
2021-11-14T18:12:14.029-0800: 0.742: [CMS-concurrent-abortable-preclean-start]
2021-11-14T18:12:14.042-0800: 0.756: [GC (Allocation Failure) 2021-11-14T18:12:14.042-0800: 0.756: [ParNew: 157246K->157246K(157248K), 0.0000157 secs]2021-11-14T18:12:14.042-0800: 0.756: [CMS2021-11-14T18:12:14.042-0800: 0.756: [CMS-concurrent-abortable-preclean: 0.000/0.014 secs] [Times: user=0.01 sys=0.00, real=0.02 secs] 
 (concurrent mode failure): 303321K->267513K(349568K), 0.0452218 secs] 460567K->267513K(506816K), [Metaspace: 2743K->2743K(1056768K)], 0.0453160 secs] [Times: user=0.05 sys=0.00, real=0.04 secs] 
2021-11-14T18:12:14.102-0800: 0.816: [GC (Allocation Failure) 2021-11-14T18:12:14.102-0800: 0.816: [ParNew: 139446K->17471K(157248K), 0.0048958 secs] 406959K->312602K(506816K), 0.0049737 secs] [Times: user=0.01 sys=0.00, real=0.00 secs] 
2021-11-14T18:12:14.107-0800: 0.821: [GC (CMS Initial Mark) [1 CMS-initial-mark: 295130K(349568K)] 312967K(506816K), 0.0001245 secs] [Times: user=0.00 sys=0.00, real=0.00 secs] 
2021-11-14T18:12:14.107-0800: 0.821: [CMS-concurrent-mark-start]
2021-11-14T18:12:14.109-0800: 0.823: [CMS-concurrent-mark: 0.002/0.002 secs] [Times: user=0.00 sys=0.00, real=0.00 secs] 
2021-11-14T18:12:14.109-0800: 0.823: [CMS-concurrent-preclean-start]
2021-11-14T18:12:14.110-0800: 0.823: [CMS-concurrent-preclean: 0.001/0.001 secs] [Times: user=0.00 sys=0.00, real=0.01 secs] 
2021-11-14T18:12:14.110-0800: 0.823: [CMS-concurrent-abortable-preclean-start]
2021-11-14T18:12:14.123-0800: 0.837: [GC (Allocation Failure) 2021-11-14T18:12:14.123-0800: 0.837: [ParNew: 157247K->17471K(157248K), 0.0404479 secs] 452378K->356664K(506816K), 0.0405265 secs] [Times: user=0.09 sys=0.01, real=0.04 secs] 
2021-11-14T18:12:14.164-0800: 0.877: [CMS-concurrent-abortable-preclean: 0.001/0.054 secs] [Times: user=0.11 sys=0.01, real=0.05 secs] 
2021-11-14T18:12:14.164-0800: 0.878: [GC (CMS Final Remark) [YG occupancy: 20390 K (157248 K)]2021-11-14T18:12:14.164-0800: 0.878: [Rescan (parallel) , 0.0010650 secs]2021-11-14T18:12:14.165-0800: 0.879: [weak refs processing, 0.0000120 secs]2021-11-14T18:12:14.165-0800: 0.879: [class unloading, 0.0001701 secs]2021-11-14T18:12:14.165-0800: 0.879: [scrub symbol table, 0.0002438 secs]2021-11-14T18:12:14.166-0800: 0.879: [scrub string table, 0.0000812 secs][1 CMS-remark: 339193K(349568K)] 359583K(506816K), 0.0016459 secs] [Times: user=0.00 sys=0.00, real=0.00 secs] 
2021-11-14T18:12:14.166-0800: 0.879: [CMS-concurrent-sweep-start]
2021-11-14T18:12:14.166-0800: 0.880: [CMS-concurrent-sweep: 0.001/0.001 secs] [Times: user=0.00 sys=0.00, real=0.00 secs] 
2021-11-14T18:12:14.166-0800: 0.880: [CMS-concurrent-reset-start]
2021-11-14T18:12:14.167-0800: 0.880: [CMS-concurrent-reset: 0.000/0.000 secs] [Times: user=0.00 sys=0.00, real=0.00 secs] 
2021-11-14T18:12:14.182-0800: 0.896: [GC (Allocation Failure) 2021-11-14T18:12:14.182-0800: 0.896: [ParNew: 156879K->156879K(157248K), 0.0000161 secs]2021-11-14T18:12:14.182-0800: 0.896: [CMS: 309363K->301979K(349568K), 0.0336336 secs] 466243K->301979K(506816K), [Metaspace: 2743K->2743K(1056768K)], 0.0337384 secs] [Times: user=0.03 sys=0.00, real=0.03 secs] 
2021-11-14T18:12:14.216-0800: 0.930: [GC (CMS Initial Mark) [1 CMS-initial-mark: 301979K(349568K)] 302584K(506816K), 0.0001144 secs] [Times: user=0.00 sys=0.00, real=0.00 secs] 
2021-11-14T18:12:14.216-0800: 0.930: [CMS-concurrent-mark-start]
2021-11-14T18:12:14.218-0800: 0.932: [CMS-concurrent-mark: 0.002/0.002 secs] [Times: user=0.01 sys=0.00, real=0.00 secs] 
2021-11-14T18:12:14.219-0800: 0.932: [CMS-concurrent-preclean-start]
2021-11-14T18:12:14.219-0800: 0.933: [CMS-concurrent-preclean: 0.000/0.000 secs] [Times: user=0.00 sys=0.00, real=0.00 secs] 
2021-11-14T18:12:14.219-0800: 0.933: [CMS-concurrent-abortable-preclean-start]
2021-11-14T18:12:14.232-0800: 0.946: [GC (Allocation Failure) 2021-11-14T18:12:14.232-0800: 0.946: [ParNew: 139776K->17471K(157248K), 0.0038303 secs] 441755K->340303K(506816K), 0.0039136 secs] [Times: user=0.02 sys=0.00, real=0.00 secs] 
2021-11-14T18:12:14.251-0800: 0.965: [GC (Allocation Failure) 2021-11-14T18:12:14.251-0800: 0.965: [ParNew: 157247K->157247K(157248K), 0.0000158 secs]2021-11-14T18:12:14.251-0800: 0.965: [CMS2021-11-14T18:12:14.251-0800: 0.965: [CMS-concurrent-abortable-preclean: 0.001/0.032 secs] [Times: user=0.04 sys=0.00, real=0.04 secs] 
 (concurrent mode failure): 322831K->311710K(349568K), 0.0321855 secs] 480079K->311710K(506816K), [Metaspace: 2743K->2743K(1056768K)], 0.0322995 secs] [Times: user=0.03 sys=0.00, real=0.03 secs] 
2021-11-14T18:12:14.298-0800: 1.011: [GC (Allocation Failure) 2021-11-14T18:12:14.298-0800: 1.012: [ParNew: 139776K->17469K(157248K), 0.0087765 secs] 451486K->360497K(506816K), 0.0088653 secs] [Times: user=0.02 sys=0.00, real=0.01 secs] 
2021-11-14T18:12:14.307-0800: 1.021: [GC (CMS Initial Mark) [1 CMS-initial-mark: 343028K(349568K)] 360569K(506816K), 0.0001432 secs] [Times: user=0.00 sys=0.00, real=0.00 secs] 
2021-11-14T18:12:14.307-0800: 1.021: [CMS-concurrent-mark-start]
2021-11-14T18:12:14.309-0800: 1.023: [CMS-concurrent-mark: 0.002/0.002 secs] [Times: user=0.00 sys=0.00, real=0.00 secs] 
2021-11-14T18:12:14.309-0800: 1.023: [CMS-concurrent-preclean-start]
2021-11-14T18:12:14.312-0800: 1.025: [CMS-concurrent-preclean: 0.003/0.003 secs] [Times: user=0.00 sys=0.00, real=0.01 secs] 
2021-11-14T18:12:14.312-0800: 1.026: [CMS-concurrent-abortable-preclean-start]
2021-11-14T18:12:14.312-0800: 1.026: [CMS-concurrent-abortable-preclean: 0.000/0.000 secs] [Times: user=0.00 sys=0.00, real=0.00 secs] 
2021-11-14T18:12:14.312-0800: 1.026: [GC (CMS Final Remark) [YG occupancy: 51499 K (157248 K)]2021-11-14T18:12:14.312-0800: 1.026: [Rescan (parallel) , 0.0010451 secs]2021-11-14T18:12:14.314-0800: 1.027: [weak refs processing, 0.0000244 secs]2021-11-14T18:12:14.314-0800: 1.027: [class unloading, 0.0001844 secs]2021-11-14T18:12:14.314-0800: 1.027: [scrub symbol table, 0.0002955 secs]2021-11-14T18:12:14.314-0800: 1.028: [scrub string table, 0.0000826 secs][1 CMS-remark: 343028K(349568K)] 394528K(506816K), 0.0017407 secs] [Times: user=0.01 sys=0.00, real=0.00 secs] 
2021-11-14T18:12:14.314-0800: 1.028: [CMS-concurrent-sweep-start]
2021-11-14T18:12:14.315-0800: 1.028: [CMS-concurrent-sweep: 0.001/0.001 secs] [Times: user=0.00 sys=0.00, real=0.00 secs] 
2021-11-14T18:12:14.315-0800: 1.028: [CMS-concurrent-reset-start]
2021-11-14T18:12:14.315-0800: 1.029: [CMS-concurrent-reset: 0.000/0.000 secs] [Times: user=0.00 sys=0.00, real=0.00 secs] 
2021-11-14T18:12:14.325-0800: 1.038: [GC (Allocation Failure) 2021-11-14T18:12:14.325-0800: 1.038: [ParNew (promotion failed): 157245K->157246K(157248K), 0.0100611 secs]2021-11-14T18:12:14.335-0800: 1.048: [CMS: 346645K->331939K(349568K), 0.0354808 secs] 463395K->331939K(506816K), [Metaspace: 2743K->2743K(1056768K)], 0.0456744 secs] [Times: user=0.06 sys=0.00, real=0.05 secs] 
2021-11-14T18:12:14.370-0800: 1.084: [GC (CMS Initial Mark) [1 CMS-initial-mark: 331939K(349568K)] 334990K(506816K), 0.0001338 secs] [Times: user=0.00 sys=0.01, real=0.00 secs] 
2021-11-14T18:12:14.371-0800: 1.084: [CMS-concurrent-mark-start]
2021-11-14T18:12:14.372-0800: 1.086: [CMS-concurrent-mark: 0.002/0.002 secs] [Times: user=0.00 sys=0.00, real=0.00 secs] 
2021-11-14T18:12:14.372-0800: 1.086: [CMS-concurrent-preclean-start]
2021-11-14T18:12:14.373-0800: 1.086: [CMS-concurrent-preclean: 0.001/0.001 secs] [Times: user=0.01 sys=0.00, real=0.00 secs] 
2021-11-14T18:12:14.373-0800: 1.087: [CMS-concurrent-abortable-preclean-start]
2021-11-14T18:12:14.373-0800: 1.087: [CMS-concurrent-abortable-preclean: 0.000/0.000 secs] [Times: user=0.00 sys=0.00, real=0.00 secs] 
2021-11-14T18:12:14.373-0800: 1.087: [GC (CMS Final Remark) [YG occupancy: 22436 K (157248 K)]2021-11-14T18:12:14.373-0800: 1.087: [Rescan (parallel) , 0.0003353 secs]2021-11-14T18:12:14.373-0800: 1.087: [weak refs processing, 0.0000112 secs]2021-11-14T18:12:14.373-0800: 1.087: [class unloading, 0.0001491 secs]2021-11-14T18:12:14.374-0800: 1.087: [scrub symbol table, 0.0002389 secs]2021-11-14T18:12:14.374-0800: 1.087: [scrub string table, 0.0000790 secs][1 CMS-remark: 331939K(349568K)] 354376K(506816K), 0.0008765 secs] [Times: user=0.00 sys=0.00, real=0.00 secs] 
2021-11-14T18:12:14.374-0800: 1.088: [CMS-concurrent-sweep-start]
2021-11-14T18:12:14.375-0800: 1.088: [CMS-concurrent-sweep: 0.000/0.000 secs] [Times: user=0.00 sys=0.00, real=0.00 secs] 
2021-11-14T18:12:14.375-0800: 1.088: [CMS-concurrent-reset-start]
2021-11-14T18:12:14.375-0800: 1.088: [CMS-concurrent-reset: 0.000/0.000 secs] [Times: user=0.00 sys=0.00, real=0.00 secs] 
2021-11-14T18:12:14.387-0800: 1.100: [GC (Allocation Failure) 2021-11-14T18:12:14.387-0800: 1.100: [ParNew: 139776K->139776K(157248K), 0.0000154 secs]2021-11-14T18:12:14.387-0800: 1.100: [CMS: 331924K->340844K(349568K), 0.0350523 secs] 471700K->340844K(506816K), [Metaspace: 2743K->2743K(1056768K)], 0.0351696 secs] [Times: user=0.04 sys=0.00, real=0.04 secs] 
2021-11-14T18:12:14.422-0800: 1.136: [GC (CMS Initial Mark) [1 CMS-initial-mark: 340844K(349568K)] 341171K(506816K), 0.0001520 secs] [Times: user=0.00 sys=0.00, real=0.00 secs] 
2021-11-14T18:12:14.422-0800: 1.136: [CMS-concurrent-mark-start]
Heap
 par new generation   total 157248K, used 5896K [0x00000007a0000000, 0x00000007aaaa0000, 0x00000007aaaa0000)
  eden space 139776K,   4% used [0x00000007a0000000, 0x00000007a05c2368, 0x00000007a8880000)
  from space 17472K,   0% used [0x00000007a9990000, 0x00000007a9990000, 0x00000007aaaa0000)
  to   space 17472K,   0% used [0x00000007a8880000, 0x00000007a8880000, 0x00000007a9990000)
 concurrent mark-sweep generation total 349568K, used 340844K [0x00000007aaaa0000, 0x00000007c0000000, 0x00000007c0000000)
 Metaspace       used 2750K, capacity 4486K, committed 4864K, reserved 1056768K
  class space    used 297K, capacity 386K, committed 512K, reserved 1048576K
