Java HotSpot(TM) 64-Bit Server VM (25.311-b11) for bsd-amd64 JRE (1.8.0_311-b11), built on Sep 27 2021 13:08:09 by "java_re" with gcc 4.2.1 Compatible Apple LLVM 11.0.0 (clang-1100.0.33.17)
Memory: 4k page, physical 8388608k(602016k free)

/proc/meminfo:

CommandLine flags: -XX:InitialHeapSize=536870912 -XX:MaxHeapSize=536870912 -XX:+PrintGC -XX:+PrintGCDateStamps -XX:+PrintGCDetails -XX:+PrintGCTimeStamps -XX:+UseCompressedClassPointers -XX:+UseCompressedOops -XX:+UseSerialGC 
2021-11-14T18:08:53.141-0800: 0.195: [GC (Allocation Failure) 2021-11-14T18:08:53.141-0800: 0.195: [DefNew: 139776K->17472K(157248K), 0.0251907 secs] 139776K->43913K(506816K), 0.0253048 secs] [Times: user=0.01 sys=0.01, real=0.02 secs] 
2021-11-14T18:08:53.183-0800: 0.237: [GC (Allocation Failure) 2021-11-14T18:08:53.183-0800: 0.237: [DefNew: 157206K->17471K(157248K), 0.0333298 secs] 183647K->88209K(506816K), 0.0334216 secs] [Times: user=0.02 sys=0.01, real=0.03 secs] 
2021-11-14T18:08:53.231-0800: 0.284: [GC (Allocation Failure) 2021-11-14T18:08:53.231-0800: 0.284: [DefNew: 157054K->17471K(157248K), 0.0252699 secs] 227792K->131713K(506816K), 0.0253578 secs] [Times: user=0.01 sys=0.01, real=0.02 secs] 
2021-11-14T18:08:53.272-0800: 0.325: [GC (Allocation Failure) 2021-11-14T18:08:53.272-0800: 0.325: [DefNew: 157247K->17471K(157248K), 0.0220762 secs] 271489K->171017K(506816K), 0.0221621 secs] [Times: user=0.01 sys=0.01, real=0.02 secs] 
2021-11-14T18:08:53.308-0800: 0.362: [GC (Allocation Failure) 2021-11-14T18:08:53.308-0800: 0.362: [DefNew: 157247K->17471K(157248K), 0.0234363 secs] 310793K->212928K(506816K), 0.0235362 secs] [Times: user=0.01 sys=0.01, real=0.03 secs] 
2021-11-14T18:08:53.348-0800: 0.401: [GC (Allocation Failure) 2021-11-14T18:08:53.348-0800: 0.401: [DefNew: 157247K->17468K(157248K), 0.0260006 secs] 352704K->258379K(506816K), 0.0260917 secs] [Times: user=0.01 sys=0.02, real=0.03 secs] 
2021-11-14T18:08:53.388-0800: 0.441: [GC (Allocation Failure) 2021-11-14T18:08:53.388-0800: 0.442: [DefNew: 157244K->17470K(157248K), 0.0310153 secs] 398155K->312000K(506816K), 0.0311043 secs] [Times: user=0.02 sys=0.01, real=0.03 secs] 
2021-11-14T18:08:53.434-0800: 0.488: [GC (Allocation Failure) 2021-11-14T18:08:53.434-0800: 0.488: [DefNew: 157198K->157198K(157248K), 0.0000154 secs]2021-11-14T18:08:53.435-0800: 0.488: [Tenured: 294530K->267509K(349568K), 0.0271053 secs] 451728K->267509K(506816K), [Metaspace: 2743K->2743K(1056768K)], 0.0272253 secs] [Times: user=0.02 sys=0.00, real=0.03 secs] 
2021-11-14T18:08:53.477-0800: 0.530: [GC (Allocation Failure) 2021-11-14T18:08:53.477-0800: 0.530: [DefNew: 139776K->17471K(157248K), 0.0076011 secs] 407285K->316970K(506816K), 0.0076927 secs] [Times: user=0.00 sys=0.00, real=0.01 secs] 
2021-11-14T18:08:53.500-0800: 0.553: [GC (Allocation Failure) 2021-11-14T18:08:53.500-0800: 0.553: [DefNew: 157247K->157247K(157248K), 0.0000162 secs]2021-11-14T18:08:53.500-0800: 0.553: [Tenured: 299499K->291347K(349568K), 0.0273690 secs] 456746K->291347K(506816K), [Metaspace: 2743K->2743K(1056768K)], 0.0274974 secs] [Times: user=0.03 sys=0.00, real=0.02 secs] 
2021-11-14T18:08:53.542-0800: 0.596: [GC (Allocation Failure) 2021-11-14T18:08:53.543-0800: 0.596: [DefNew: 139611K->17471K(157248K), 0.0142968 secs] 430958K->337165K(506816K), 0.0143912 secs] [Times: user=0.01 sys=0.01, real=0.01 secs] 
2021-11-14T18:08:53.573-0800: 0.627: [GC (Allocation Failure) 2021-11-14T18:08:53.573-0800: 0.627: [DefNew: 157247K->157247K(157248K), 0.0000213 secs]2021-11-14T18:08:53.573-0800: 0.627: [Tenured: 319693K->312664K(349568K), 0.0329646 secs] 476941K->312664K(506816K), [Metaspace: 2743K->2743K(1056768K)], 0.0331069 secs] [Times: user=0.03 sys=0.00, real=0.03 secs] 
2021-11-14T18:08:53.621-0800: 0.674: [GC (Allocation Failure) 2021-11-14T18:08:53.621-0800: 0.674: [DefNew: 139776K->139776K(157248K), 0.0000164 secs]2021-11-14T18:08:53.621-0800: 0.674: [Tenured: 312664K->303980K(349568K), 0.0309385 secs] 452440K->303980K(506816K), [Metaspace: 2743K->2743K(1056768K)], 0.0310814 secs] [Times: user=0.03 sys=0.00, real=0.03 secs] 
2021-11-14T18:08:53.667-0800: 0.720: [GC (Allocation Failure) 2021-11-14T18:08:53.667-0800: 0.720: [DefNew: 139776K->17471K(157248K), 0.0136743 secs] 443756K->355308K(506816K), 0.0137950 secs] [Times: user=0.01 sys=0.00, real=0.02 secs] 
2021-11-14T18:08:53.695-0800: 0.748: [GC (Allocation Failure) 2021-11-14T18:08:53.695-0800: 0.748: [DefNew: 157247K->157247K(157248K), 0.0000143 secs]2021-11-14T18:08:53.695-0800: 0.748: [Tenured: 337836K->345710K(349568K), 0.0314104 secs] 495084K->345710K(506816K), [Metaspace: 2743K->2743K(1056768K)], 0.0315169 secs] [Times: user=0.03 sys=0.01, real=0.03 secs] 
2021-11-14T18:08:53.741-0800: 0.795: [GC (Allocation Failure) 2021-11-14T18:08:53.741-0800: 0.795: [DefNew: 139776K->139776K(157248K), 0.0000140 secs]2021-11-14T18:08:53.741-0800: 0.795: [Tenured: 345710K->349212K(349568K), 0.0332450 secs] 485486K->353972K(506816K), [Metaspace: 2743K->2743K(1056768K)], 0.0333475 secs] [Times: user=0.03 sys=0.00, real=0.03 secs] 
2021-11-14T18:08:53.790-0800: 0.843: [Full GC (Allocation Failure) 2021-11-14T18:08:53.790-0800: 0.843: [Tenured: 349303K->349086K(349568K), 0.0321867 secs] 506479K->360480K(506816K), [Metaspace: 2743K->2743K(1056768K)], 0.0322795 secs] [Times: user=0.03 sys=0.00, real=0.03 secs] 
2021-11-14T18:08:53.837-0800: 0.891: [Full GC (Allocation Failure) 2021-11-14T18:08:53.837-0800: 0.891: [Tenured: 349086K->344272K(349568K), 0.0342370 secs] 505974K->344272K(506816K), [Metaspace: 2743K->2743K(1056768K)], 0.0343313 secs] [Times: user=0.03 sys=0.00, real=0.04 secs] 
2021-11-14T18:08:53.885-0800: 0.938: [GC (Allocation Failure) 2021-11-14T18:08:53.885-0800: 0.938: [DefNew: 139776K->139776K(157248K), 0.0000132 secs]2021-11-14T18:08:53.885-0800: 0.938: [Tenured: 344272K->349468K(349568K), 0.0262067 secs] 484048K->367033K(506816K), [Metaspace: 2743K->2743K(1056768K)], 0.0263148 secs] [Times: user=0.02 sys=0.00, real=0.03 secs] 
2021-11-14T18:08:53.926-0800: 0.979: [Full GC (Allocation Failure) 2021-11-14T18:08:53.926-0800: 0.979: [Tenured: 349504K->349528K(349568K), 0.0321620 secs] 506734K->373265K(506816K), [Metaspace: 2743K->2743K(1056768K)], 0.0322492 secs] [Times: user=0.03 sys=0.00, real=0.03 secs] 
2021-11-14T18:08:53.972-0800: 1.025: [Full GC (Allocation Failure) 2021-11-14T18:08:53.972-0800: 1.025: [Tenured: 349528K->349492K(349568K), 0.0333846 secs] 506641K->371233K(506816K), [Metaspace: 2743K->2743K(1056768K)], 0.0334760 secs] [Times: user=0.04 sys=0.00, real=0.03 secs] 
2021-11-14T18:08:54.020-0800: 1.073: [Full GC (Allocation Failure) 2021-11-14T18:08:54.020-0800: 1.073: [Tenured: 349567K->345823K(349568K), 0.0351670 secs] 506815K->345823K(506816K), [Metaspace: 2743K->2743K(1056768K)], 0.0352795 secs] [Times: user=0.03 sys=0.00, real=0.03 secs] 
Heap
 def new generation   total 157248K, used 5570K [0x00000007a0000000, 0x00000007aaaa0000, 0x00000007aaaa0000)
  eden space 139776K,   3% used [0x00000007a0000000, 0x00000007a0570918, 0x00000007a8880000)
  from space 17472K,   0% used [0x00000007a8880000, 0x00000007a8880000, 0x00000007a9990000)
  to   space 17472K,   0% used [0x00000007a9990000, 0x00000007a9990000, 0x00000007aaaa0000)
 tenured generation   total 349568K, used 345823K [0x00000007aaaa0000, 0x00000007c0000000, 0x00000007c0000000)
   the space 349568K,  98% used [0x00000007aaaa0000, 0x00000007bfc57c30, 0x00000007bfc57e00, 0x00000007c0000000)
 Metaspace       used 2750K, capacity 4486K, committed 4864K, reserved 1056768K
  class space    used 297K, capacity 386K, committed 512K, reserved 1048576K
